Loading module Cryptol
Loading module Cryptol
Loading module comp01
