Loading module Cryptol
Loading module Cryptol
Loading module rename01
