Loading module Cryptol
Loading module Cryptol
Loading module Main
Using exhaustive testing.
passed 256 tests.
Q.E.D.
Q.E.D.
