Loading module Cryptol
Loading module Cryptol
Loading module Enigma
