Loading module Cryptol
Loading module Cryptol
Loading module Main
Using exhaustive testing.
passed 8 tests.
Q.E.D.
Q.E.D.
