Loading module Cryptol
Loading module Cryptol
Loading module Main
maxSeq' : {a, b} (fin a) => [b][a] -> [1 + b][a]
