Loading module Cryptol

word too wide for memory: 137438953216 bits

word too wide for memory: 137438953440 bits
