Loading module Cryptol

Run-time error: undefined
Using exhaustive testing.
ERROR for the following inputs:
()
invalid sequence index: 1
