Loading module Cryptol
0x0
0x1
0x0

Run-time error: boom
